hkperf meta version=2.5.1 loadavg1=1.26
hkperf startup PASS cpu_us=32184 rss=2998272 regions=61
hkperf single PASS wall_us=132
hkperf batch_c PASS count=32 enqueue_us=42 commit_us=4737 per_hook_us=149.4
hkperf batch_objc PASS count=16 enqueue_us=18 commit_us=31 per_hook_us=3.1 enqueue_status=0 commit_status=0
hkperf meta version=2.5.1 loadavg1=1.26
hkperf startup PASS cpu_us=71098 rss=3014656 regions=61
hkperf single PASS wall_us=138
hkperf batch_c PASS count=32 enqueue_us=41 commit_us=4999 per_hook_us=157.5
hkperf batch_objc PASS count=16 enqueue_us=561 commit_us=20 per_hook_us=36.4 enqueue_status=0 commit_status=0
hkperf meta version=2.5.1 loadavg1=1.26
hkperf startup PASS cpu_us=71185 rss=3031040 regions=61
hkperf single PASS wall_us=126
hkperf batch_c PASS count=32 enqueue_us=45 commit_us=4758 per_hook_us=150.1
hkperf batch_objc PASS count=16 enqueue_us=20 commit_us=18 per_hook_us=2.4 enqueue_status=0 commit_status=0
hkperf meta version=2.5.1 loadavg1=1.26
hkperf startup PASS cpu_us=63621 rss=2981888 regions=60
hkperf single PASS wall_us=113
hkperf batch_c PASS count=32 enqueue_us=41 commit_us=5225 per_hook_us=164.6
hkperf batch_objc PASS count=16 enqueue_us=84 commit_us=47 per_hook_us=8.2 enqueue_status=0 commit_status=0
hkperf meta version=2.5.1 loadavg1=1.26
hkperf startup PASS cpu_us=70632 rss=2998272 regions=61
hkperf single PASS wall_us=130
hkperf batch_c PASS count=32 enqueue_us=45 commit_us=4621 per_hook_us=145.8
hkperf batch_objc PASS count=16 enqueue_us=19 commit_us=17 per_hook_us=2.3 enqueue_status=0 commit_status=0
hkperf meta version=2.5.1 loadavg1=1.26
hkperf startup PASS cpu_us=70446 rss=3014656 regions=61
hkperf single PASS wall_us=108
hkperf batch_c PASS count=32 enqueue_us=42 commit_us=5070 per_hook_us=159.8
hkperf batch_objc PASS count=16 enqueue_us=17 commit_us=16 per_hook_us=2.1 enqueue_status=0 commit_status=0
hkperf meta version=2.5.1 loadavg1=1.26
hkperf startup PASS cpu_us=70604 rss=2998272 regions=61
hkperf single PASS wall_us=114
hkperf batch_c PASS count=32 enqueue_us=35 commit_us=4125 per_hook_us=130.0
hkperf batch_objc PASS count=16 enqueue_us=17 commit_us=14 per_hook_us=1.9 enqueue_status=0 commit_status=0
hkperf meta version=2.5.1 loadavg1=1.26
hkperf startup PASS cpu_us=68432 rss=2998272 regions=61
hkperf single PASS wall_us=128
hkperf batch_c PASS count=32 enqueue_us=44 commit_us=4519 per_hook_us=142.6
hkperf batch_objc PASS count=16 enqueue_us=18 commit_us=16 per_hook_us=2.2 enqueue_status=0 commit_status=0
hkperf meta version=2.5.1 loadavg1=1.26
hkperf startup PASS cpu_us=69024 rss=2981888 regions=60
hkperf single PASS wall_us=131
hkperf batch_c PASS count=32 enqueue_us=40 commit_us=4783 per_hook_us=150.8
hkperf batch_objc PASS count=16 enqueue_us=17 commit_us=16 per_hook_us=2.1 enqueue_status=0 commit_status=0
hkperf meta version=2.5.1 loadavg1=1.26
hkperf startup PASS cpu_us=76344 rss=2981888 regions=60
hkperf single PASS wall_us=126
hkperf batch_c PASS count=32 enqueue_us=42 commit_us=4602 per_hook_us=145.1
hkperf batch_objc PASS count=16 enqueue_us=18 commit_us=16 per_hook_us=2.2 enqueue_status=0 commit_status=0
