hkperf meta version=2.5.1 loadavg1=1.27
hkperf startup PASS cpu_us=29110 rss=2981888 regions=60
hkperf single PASS wall_us=129
hkperf batch_c PASS count=32 enqueue_us=44 commit_us=4799 per_hook_us=151.3
hkperf batch_objc PASS count=16 enqueue_us=19 commit_us=17 per_hook_us=2.2 enqueue_status=0 commit_status=0
hkperf meta version=2.5.1 loadavg1=1.49
hkperf startup PASS cpu_us=75182 rss=3014656 regions=61
hkperf single PASS wall_us=109
hkperf batch_c PASS count=32 enqueue_us=41 commit_us=4844 per_hook_us=152.7
hkperf batch_objc PASS count=16 enqueue_us=18 commit_us=17 per_hook_us=2.2 enqueue_status=0 commit_status=0
hkperf meta version=2.5.1 loadavg1=1.49
hkperf startup PASS cpu_us=74170 rss=2998272 regions=61
hkperf single PASS wall_us=125
hkperf batch_c PASS count=32 enqueue_us=42 commit_us=4787 per_hook_us=150.9
hkperf batch_objc PASS count=16 enqueue_us=19 commit_us=16 per_hook_us=2.2 enqueue_status=0 commit_status=0
hkperf meta version=2.5.1 loadavg1=1.49
hkperf startup PASS cpu_us=65061 rss=3014656 regions=61
hkperf single PASS wall_us=128
hkperf batch_c PASS count=32 enqueue_us=46 commit_us=4769 per_hook_us=150.5
hkperf batch_objc PASS count=16 enqueue_us=19 commit_us=17 per_hook_us=2.2 enqueue_status=0 commit_status=0
hkperf meta version=2.5.1 loadavg1=1.49
hkperf startup PASS cpu_us=76776 rss=3014656 regions=61
hkperf single PASS wall_us=125
hkperf batch_c PASS count=32 enqueue_us=45 commit_us=4836 per_hook_us=152.6
hkperf batch_objc PASS count=16 enqueue_us=19 commit_us=16 per_hook_us=2.2 enqueue_status=0 commit_status=0
hkperf meta version=2.5.1 loadavg1=1.49
hkperf startup PASS cpu_us=70011 rss=2981888 regions=60
hkperf single PASS wall_us=104
hkperf batch_c PASS count=32 enqueue_us=42 commit_us=4802 per_hook_us=151.4
hkperf batch_objc PASS count=16 enqueue_us=19 commit_us=16 per_hook_us=2.2 enqueue_status=0 commit_status=0
hkperf meta version=2.5.1 loadavg1=1.49
hkperf startup PASS cpu_us=68729 rss=2981888 regions=60
hkperf single PASS wall_us=125
hkperf batch_c PASS count=32 enqueue_us=41 commit_us=4834 per_hook_us=152.3
hkperf batch_objc PASS count=16 enqueue_us=18 commit_us=17 per_hook_us=2.2 enqueue_status=0 commit_status=0
hkperf meta version=2.5.1 loadavg1=1.49
hkperf startup PASS cpu_us=63489 rss=3014656 regions=61
hkperf single PASS wall_us=128
hkperf batch_c PASS count=32 enqueue_us=41 commit_us=5083 per_hook_us=160.2
hkperf batch_objc PASS count=16 enqueue_us=19 commit_us=16 per_hook_us=2.2 enqueue_status=0 commit_status=0
hkperf meta version=2.5.1 loadavg1=1.49
hkperf startup PASS cpu_us=61315 rss=3014656 regions=61
hkperf single PASS wall_us=125
hkperf batch_c PASS count=32 enqueue_us=42 commit_us=4662 per_hook_us=147.0
hkperf batch_objc PASS count=16 enqueue_us=18 commit_us=17 per_hook_us=2.2 enqueue_status=0 commit_status=0
hkperf meta version=2.5.1 loadavg1=1.49
hkperf startup PASS cpu_us=62170 rss=3031040 regions=61
hkperf single PASS wall_us=127
hkperf batch_c PASS count=32 enqueue_us=41 commit_us=4467 per_hook_us=140.9
hkperf batch_objc PASS count=16 enqueue_us=17 commit_us=16 per_hook_us=2.1 enqueue_status=0 commit_status=0
