hkperf meta version=3.0.0 loadavg1=1.31
hkperf startup PASS cpu_us=38200 rss=2834432 regions=61
hkperf single PASS wall_us=3826
hkperf batch_c PASS count=32 enqueue_us=51 commit_us=18328 per_hook_us=574.3
hkperf batch_objc PASS count=16 enqueue_us=31 commit_us=8945 per_hook_us=561.0 enqueue_status=0 commit_status=0
hkperf meta version=3.0.0 loadavg1=1.31
hkperf startup PASS cpu_us=91950 rss=2818048 regions=61
hkperf single PASS wall_us=1690
hkperf batch_c PASS count=32 enqueue_us=39 commit_us=16343 per_hook_us=511.9
hkperf batch_objc PASS count=16 enqueue_us=25 commit_us=7363 per_hook_us=461.8 enqueue_status=0 commit_status=0
hkperf meta version=3.0.0 loadavg1=1.31
hkperf startup PASS cpu_us=79354 rss=2801664 regions=61
hkperf single PASS wall_us=1408
hkperf batch_c PASS count=32 enqueue_us=40 commit_us=16442 per_hook_us=515.1
hkperf batch_objc PASS count=16 enqueue_us=25 commit_us=7284 per_hook_us=456.9 enqueue_status=0 commit_status=0
hkperf meta version=3.0.0 loadavg1=1.31
hkperf startup PASS cpu_us=77995 rss=2818048 regions=61
hkperf single PASS wall_us=1371
hkperf batch_c PASS count=32 enqueue_us=36 commit_us=15940 per_hook_us=499.3
hkperf batch_objc PASS count=16 enqueue_us=26 commit_us=8281 per_hook_us=519.2 enqueue_status=0 commit_status=0
hkperf meta version=3.0.0 loadavg1=1.31
hkperf startup PASS cpu_us=68627 rss=2818048 regions=61
hkperf single PASS wall_us=1349
hkperf batch_c PASS count=32 enqueue_us=34 commit_us=16379 per_hook_us=512.9
hkperf batch_objc PASS count=16 enqueue_us=27 commit_us=7925 per_hook_us=497.0 enqueue_status=0 commit_status=0
hkperf meta version=3.0.0 loadavg1=1.31
hkperf startup PASS cpu_us=82601 rss=2801664 regions=61
hkperf single PASS wall_us=1394
hkperf batch_c PASS count=32 enqueue_us=37 commit_us=17100 per_hook_us=535.6
hkperf batch_objc PASS count=16 enqueue_us=28 commit_us=7087 per_hook_us=444.7 enqueue_status=0 commit_status=0
hkperf meta version=3.0.0 loadavg1=1.31
hkperf startup PASS cpu_us=74155 rss=2818048 regions=61
hkperf single PASS wall_us=1505
hkperf batch_c PASS count=32 enqueue_us=42 commit_us=18976 per_hook_us=594.3
hkperf batch_objc PASS count=16 enqueue_us=24 commit_us=9016 per_hook_us=565.1 enqueue_status=0 commit_status=0
hkperf meta version=3.0.0 loadavg1=1.31
hkperf startup PASS cpu_us=83826 rss=2818048 regions=61
hkperf single PASS wall_us=1346
hkperf batch_c PASS count=32 enqueue_us=36 commit_us=16281 per_hook_us=509.9
hkperf batch_objc PASS count=16 enqueue_us=26 commit_us=7439 per_hook_us=466.6 enqueue_status=0 commit_status=0
hkperf meta version=3.0.0 loadavg1=1.31
hkperf startup PASS cpu_us=91630 rss=2818048 regions=61
hkperf single PASS wall_us=1488
hkperf batch_c PASS count=32 enqueue_us=39 commit_us=16547 per_hook_us=518.3
hkperf batch_objc PASS count=16 enqueue_us=25 commit_us=7557 per_hook_us=473.9 enqueue_status=0 commit_status=0
hkperf meta version=3.0.0 loadavg1=1.31
hkperf startup PASS cpu_us=66590 rss=2818048 regions=61
hkperf single PASS wall_us=1165
hkperf batch_c PASS count=32 enqueue_us=34 commit_us=14145 per_hook_us=443.1
hkperf batch_objc PASS count=16 enqueue_us=23 commit_us=6890 per_hook_us=432.1 enqueue_status=0 commit_status=0
hkperf meta version=3.0.0 loadavg1=1.31
hkperf startup PASS cpu_us=79542 rss=2818048 regions=61
hkperf single PASS wall_us=1311
hkperf batch_c PASS count=32 enqueue_us=38 commit_us=16315 per_hook_us=511.0
hkperf batch_objc PASS count=16 enqueue_us=22 commit_us=7069 per_hook_us=443.2 enqueue_status=0 commit_status=0
hkperf meta version=3.0.0 loadavg1=1.36
hkperf startup PASS cpu_us=105187 rss=2818048 regions=61
hkperf single PASS wall_us=1864
hkperf batch_c PASS count=32 enqueue_us=45 commit_us=16649 per_hook_us=521.7
hkperf batch_objc PASS count=16 enqueue_us=27 commit_us=8580 per_hook_us=537.9 enqueue_status=0 commit_status=0
hkperf meta version=3.0.0 loadavg1=1.36
hkperf startup PASS cpu_us=94923 rss=2818048 regions=61
hkperf single PASS wall_us=1554
hkperf batch_c PASS count=32 enqueue_us=42 commit_us=16072 per_hook_us=503.6
hkperf batch_objc PASS count=16 enqueue_us=26 commit_us=7647 per_hook_us=479.6 enqueue_status=0 commit_status=0
hkperf meta version=3.0.0 loadavg1=1.36
hkperf startup PASS cpu_us=79637 rss=2801664 regions=61
hkperf single PASS wall_us=1350
hkperf batch_c PASS count=32 enqueue_us=40 commit_us=16212 per_hook_us=507.9
hkperf batch_objc PASS count=16 enqueue_us=28 commit_us=7090 per_hook_us=444.9 enqueue_status=0 commit_status=0
hkperf meta version=3.0.0 loadavg1=1.36
hkperf startup PASS cpu_us=86545 rss=2801664 regions=61
hkperf single PASS wall_us=1327
hkperf batch_c PASS count=32 enqueue_us=38 commit_us=17385 per_hook_us=544.5
hkperf batch_objc PASS count=16 enqueue_us=25 commit_us=7379 per_hook_us=462.8 enqueue_status=0 commit_status=0
